// Vitest Snapshot v1, https://vitest.dev/guide/snapshot.html

exports[`component renders 1`] = `
<div
  className="grid gap-3 grid-cols-2 mt-3 w-full"
>
  <button
    className="inline-flex items-center justify-center px-4 py-2 border border-transparent text-sm font-medium whitespace-nowrap rounded-md shadow-sm text-white bg-indigo-600 hover:bg-indigo-700 focus:outline-none focus:ring-2 focus:ring-offset-2 focus:ring-indigo-500"
    onClick={[Function]}
  >
    Scroll To Top
  </button>
  <button
    className="inline-flex items-center justify-center px-4 py-2 border border-transparent text-sm font-medium whitespace-nowrap rounded-md shadow-sm text-white bg-indigo-600 hover:bg-indigo-700 focus:outline-none focus:ring-2 focus:ring-offset-2 focus:ring-indigo-500"
    onClick={[Function]}
  >
    Scroll To Bottom
  </button>
</div>
`;
